2026-02-17 00:28:15,038 - utils - INFO - Generating synthetic data with 10000 samples...
2026-02-17 00:28:15,298 - utils - INFO - Synthetic data saved to D:\lpu\project ml\Black Friday Sales Prediction\data\black_friday.csv
2026-02-17 00:28:39,240 - utils - INFO - Loading data...
2026-02-17 00:28:39,388 - utils - INFO - Starting model comparison...
2026-02-17 00:28:39,388 - utils - INFO - Training LinearRegression...
2026-02-17 00:28:39,389 - utils - INFO - Fitting KMeans for customer segmentation...
2026-02-17 00:28:42,613 - utils - INFO - Performing feature engineering...
2026-02-17 00:28:42,639 - utils - INFO - Fitting preprocessor...
2026-02-17 00:28:42,708 - utils - INFO - Object saved to D:\lpu\project ml\Black Friday Sales Prediction\models\encoder.joblib
2026-02-17 00:28:42,709 - utils - INFO - Transforming data...
2026-02-17 00:28:42,789 - utils - INFO - Performing feature engineering...
2026-02-17 00:28:42,799 - utils - INFO - Transforming data...
2026-02-17 00:28:42,819 - utils - INFO - LinearRegression Results - RMSE: 5811.30, MAE: 5080.77, R2: -0.0057
2026-02-17 00:28:42,820 - utils - INFO - Training RandomForest...
2026-02-17 00:28:42,822 - utils - INFO - Fitting KMeans for customer segmentation...
2026-02-17 00:28:42,904 - utils - INFO - Performing feature engineering...
2026-02-17 00:28:42,917 - utils - INFO - Fitting preprocessor...
2026-02-17 00:28:42,965 - utils - INFO - Object saved to D:\lpu\project ml\Black Friday Sales Prediction\models\encoder.joblib
2026-02-17 00:28:42,966 - utils - INFO - Transforming data...
2026-02-17 00:28:44,635 - utils - INFO - Performing feature engineering...
2026-02-17 00:28:44,650 - utils - INFO - Transforming data...
2026-02-17 00:28:44,764 - utils - INFO - RandomForest Results - RMSE: 5961.96, MAE: 5146.97, R2: -0.0585
2026-02-17 00:28:44,765 - utils - INFO - Training GradientBoosting...
2026-02-17 00:28:44,766 - utils - INFO - Fitting KMeans for customer segmentation...
2026-02-17 00:28:44,858 - utils - INFO - Performing feature engineering...
2026-02-17 00:28:44,875 - utils - INFO - Fitting preprocessor...
2026-02-17 00:28:44,933 - utils - INFO - Object saved to D:\lpu\project ml\Black Friday Sales Prediction\models\encoder.joblib
2026-02-17 00:28:44,933 - utils - INFO - Transforming data...
2026-02-17 00:28:46,213 - utils - INFO - Performing feature engineering...
2026-02-17 00:28:46,222 - utils - INFO - Transforming data...
2026-02-17 00:28:46,256 - utils - INFO - GradientBoosting Results - RMSE: 5830.39, MAE: 5082.15, R2: -0.0123
2026-02-17 00:28:46,256 - utils - INFO - Training XGBoost...
2026-02-17 00:28:46,257 - utils - INFO - Fitting KMeans for customer segmentation...
2026-02-17 00:28:46,334 - utils - INFO - Performing feature engineering...
2026-02-17 00:28:46,352 - utils - INFO - Fitting preprocessor...
2026-02-17 00:28:46,496 - utils - INFO - Object saved to D:\lpu\project ml\Black Friday Sales Prediction\models\encoder.joblib
2026-02-17 00:28:46,497 - utils - INFO - Transforming data...
2026-02-17 00:28:47,242 - utils - INFO - Performing feature engineering...
2026-02-17 00:28:47,261 - utils - INFO - Transforming data...
2026-02-17 00:28:47,308 - utils - INFO - XGBoost Results - RMSE: 5982.81, MAE: 5156.67, R2: -0.0659
2026-02-17 00:28:47,308 - utils - INFO - --------------------------------------------------
2026-02-17 00:28:47,310 - utils - INFO - Best Model: LinearRegression with RMSE: 5811.304309261082
2026-02-17 00:28:47,320 - utils - INFO - Object saved to D:\lpu\project ml\Black Friday Sales Prediction\models\best_model.pkl
2026-02-17 01:23:09,213 - utils - INFO - Loading data...
2026-02-17 01:23:09,435 - utils - INFO - Starting model comparison...
2026-02-17 01:23:09,436 - utils - INFO - Training LinearRegression...
2026-02-17 01:23:09,437 - utils - INFO - Fitting KMeans for customer segmentation...
2026-02-17 01:23:14,724 - utils - INFO - Performing feature engineering...
2026-02-17 01:23:14,745 - utils - INFO - Fitting preprocessor...
2026-02-17 01:23:14,872 - utils - INFO - Object saved to D:\lpu\project ml\Black Friday Sales Prediction\models\encoder.joblib
2026-02-17 01:23:14,874 - utils - INFO - Transforming data...
2026-02-17 01:23:15,196 - utils - INFO - Performing feature engineering...
2026-02-17 01:23:15,206 - utils - INFO - Transforming data...
2026-02-17 01:23:15,237 - utils - INFO - LinearRegression Results - RMSE: 5826.18, MAE: 5087.54, R2: -0.0108
2026-02-17 01:23:15,238 - utils - INFO - Training RandomForest...
2026-02-17 01:23:15,239 - utils - INFO - Fitting KMeans for customer segmentation...
2026-02-17 01:23:15,326 - utils - INFO - Performing feature engineering...
2026-02-17 01:23:15,344 - utils - INFO - Fitting preprocessor...
2026-02-17 01:23:15,440 - utils - INFO - Object saved to D:\lpu\project ml\Black Friday Sales Prediction\models\encoder.joblib
2026-02-17 01:23:15,441 - utils - INFO - Transforming data...
2026-02-17 01:23:21,454 - utils - INFO - Performing feature engineering...
2026-02-17 01:23:21,463 - utils - INFO - Transforming data...
2026-02-17 01:23:21,742 - utils - INFO - RandomForest Results - RMSE: 5964.85, MAE: 5151.89, R2: -0.0595
2026-02-17 01:23:21,743 - utils - INFO - Training GradientBoosting...
2026-02-17 01:23:21,747 - utils - INFO - Fitting KMeans for customer segmentation...
2026-02-17 01:23:22,047 - utils - INFO - Performing feature engineering...
2026-02-17 01:23:22,108 - utils - INFO - Fitting preprocessor...
2026-02-17 01:23:22,218 - utils - INFO - Object saved to D:\lpu\project ml\Black Friday Sales Prediction\models\encoder.joblib
2026-02-17 01:23:22,219 - utils - INFO - Transforming data...
2026-02-17 01:23:26,303 - utils - INFO - Performing feature engineering...
2026-02-17 01:23:26,311 - utils - INFO - Transforming data...
2026-02-17 01:23:26,333 - utils - INFO - GradientBoosting Results - RMSE: 5831.62, MAE: 5089.93, R2: -0.0127
2026-02-17 01:23:26,333 - utils - INFO - Training XGBoost...
2026-02-17 01:23:26,335 - utils - INFO - Fitting KMeans for customer segmentation...
2026-02-17 01:23:26,454 - utils - INFO - Performing feature engineering...
2026-02-17 01:23:26,476 - utils - INFO - Fitting preprocessor...
2026-02-17 01:23:26,600 - utils - INFO - Object saved to D:\lpu\project ml\Black Friday Sales Prediction\models\encoder.joblib
2026-02-17 01:23:26,602 - utils - INFO - Transforming data...
2026-02-17 01:23:27,371 - utils - INFO - Performing feature engineering...
2026-02-17 01:23:27,389 - utils - INFO - Transforming data...
2026-02-17 01:23:27,486 - utils - INFO - XGBoost Results - RMSE: 5928.06, MAE: 5120.83, R2: -0.0465
2026-02-17 01:23:27,486 - utils - INFO - --------------------------------------------------
2026-02-17 01:23:27,488 - utils - INFO - Best Model: LinearRegression with RMSE: 5826.1762948026435
2026-02-17 01:23:27,503 - utils - INFO - Object saved to D:\lpu\project ml\Black Friday Sales Prediction\models\best_model.pkl
2026-02-17 01:24:14,602 - utils - INFO - Object loaded from D:\lpu\project ml\Black Friday Sales Prediction\models\best_model.pkl
2026-02-17 01:25:09,353 - utils - INFO - Object loaded from D:\lpu\project ml\Black Friday Sales Prediction\models\best_model.pkl
2026-02-17 01:30:01,491 - utils - INFO - Performing feature engineering...
2026-02-17 01:30:02,172 - utils - INFO - Transforming data...
